// Jest Snapshot v1, https://goo.gl/fbAQLP

exports[`Renders default PlaceForm should render without crashing 1`] = `<Connect(PlaceForm) />`;
