// Jest Snapshot v1, https://goo.gl/fbAQLP

exports[`Rating should render a <Rating /> 1`] = `
<span
  className="item-rating"
  style={
    Object {
      "width": "NaNpx",
    }
  }
/>
`;
