// Jest Snapshot v1, https://goo.gl/fbAQLP

exports[`PlaceForm renders correctly 1`] = `
<form>
  <input
    id="place"
    onChange={[Function]}
    placeholder="type place"
    type="text"
    value=""
  />
</form>
`;
